{
    "node_type": "Program",
    "body": [
        {
            "node_type": "Function",
            "return_type": {
                "node_type": "IdentifierDataType",
                "identifier": {
                    "node_type": "Identifier",
                    "name": "int32_t"
                }
            },
            "parameters": [
                {
                    "node_type": "NamedParameter",
                    "data_type": {
                        "node_type": "IdentifierDataType",
                        "identifier": {
                            "node_type": "Identifier",
                            "name": "int32_t"
                        }
                    },
                    "declarator": {
                        "node_type": "IdentifierDeclarator",
                        "identifier": {
                            "node_type": "Identifier",
                            "name": "a"
                        }
                    }
                }
            ],
            "body": {
                "node_type": "BlockStatement",
                "body": []
            }
        }
    ]
}
