{
  "node_type": "Program",
  "body": [
    {
      "node_type": "Function",
      "return_type": {
        "node_type": "IdentifierDataType",
        "identifier": {
          "node_type": "Identifier",
          "name": "void"
        }
      },
      "parameters": [],
      "body": {
        "node_type": "BlockStatement",
        "body": [
          {
            "node_type": "VariableDeclaration",
            "data_type": {
              "node_type": "IdentifierDataType",
              "identifier": {
                "node_type": "Identifier",
                "name": "int32_t"
              }
            },
            "declarators": [
              {
                "node_type": "VariableDeclarator",
                "declarator": {
                  "node_type": "IdentifierDeclarator",
                  "identifier": {
                    "node_type": "Identifier",
                    "name": "a"
                  }
                },
                "initial_value": null
              }
            ]
          },
          {
            "node_type": "VariableDeclaration",
            "data_type": {
              "node_type": "IdentifierDataType",
              "identifier": {
                "node_type": "Identifier",
                "name": "int32_t"
              }
            },
            "declarators": [
              {
                "node_type": "VariableDeclarator",
                "declarator": {
                  "node_type": "IdentifierDeclarator",
                  "identifier": {
                    "node_type": "Identifier",
                    "name": "b"
                  }
                },
                "initial_value": null
              }
            ]
          },
          {
            "node_type": "ExpressionStatement",
            "expression": {
              "node_type": "AssignmentExpression",
              "op": "=",
              "lvalue": {
                "node_type": "Identifier",
                "name": "b"
              },
              "rvalue": {
                "node_type": "Int64Literal",
                "value": 1
              }
            }
          },
          {
            "node_type": "ForStatement",
            "initializer": {
              "node_type": "ExpressionForInitializer",
              "expression": {
                "node_type": "AssignmentExpression",
                "op": "=",
                "lvalue": {
                  "node_type": "Identifier",
                  "name": "a"
                },
                "rvalue": {
                  "node_type": "Int64Literal",
                  "value": 0
                }
              }
            },
            "test": {
              "node_type": "BinaryExpression",
              "op": "<",
              "left": {
                "node_type": "Identifier",
                "name": "a"
              },
              "right": {
                "node_type": "Int64Literal",
                "value": 10
              }
            },
            "update": {
              "node_type": "AssignmentExpression",
              "op": "=",
              "lvalue": {
                "node_type": "Identifier",
                "name": "a"
              },
              "rvalue": {
                "node_type": "BinaryExpression",
                "op": "+",
                "left": {
                  "node_type": "Identifier",
                  "name": "a"
                },
                "right": {
                  "node_type": "Int64Literal",
                  "value": 1
                }
              }
            },
            "body": {
              "node_type": "BlockStatement",
              "body": [
                {
                  "node_type": "IfStatement",
                  "test": {
                    "node_type": "BinaryExpression",
                    "op": "==",
                    "left": {
                      "node_type": "BinaryExpression",
                      "op": "%",
                      "left": {
                        "node_type": "Identifier",
                        "name": "a"
                      },
                      "right": {
                        "node_type": "Int64Literal",
                        "value": 2
                      }
                    },
                    "right": {
                      "node_type": "Int64Literal",
                      "value": 0
                    }
                  },
                  "consequence": {
                    "node_type": "BlockStatement",
                    "body": [
                      {
                        "node_type": "ExpressionStatement",
                        "expression": {
                          "node_type": "AssignmentExpression",
                          "op": "=",
                          "lvalue": {
                            "node_type": "Identifier",
                            "name": "b"
                          },
                          "rvalue": {
                            "node_type": "BinaryExpression",
                            "op": "+",
                            "left": {
                              "node_type": "Identifier",
                              "name": "b"
                            },
                            "right": {
                              "node_type": "Int64Literal",
                              "value": 1
                            }
                          }
                        }
                      }
                    ]
                  },
                  "alternative": null
                }
              ]
            }
          }
        ]
      }
    }
  ]
}
