{
    "node_type": "Program",
    "body": [
        {
            "node_type": "VariableDeclaration",
            "data_type": {
                "node_type": "IdentifierDataType",
                "identifier": {
                    "node_type": "Identifier",
                    "name": "char"
                }
            },
            "declarators": [
                {
                    "node_type": "VariableDeclarator",
                    "declarator": {
                        "node_type": "IdentifierDeclarator",
                        "identifier": {
                            "node_type": "Identifier",
                            "name": "a"
                        }
                    },
                    "initial_value": null
                }
            ]
        },
        {
            "node_type": "VariableDeclaration",
            "data_type": {
                "node_type": "IdentifierDataType",
                "identifier": {
                    "node_type": "Identifier",
                    "name": "char"
                }
            },
            "declarators": [
                {
                    "node_type": "VariableDeclarator",
                    "declarator": {
                        "node_type": "IdentifierDeclarator",
                        "identifier": {
                            "node_type": "Identifier",
                            "name": "b"
                        }
                    },
                    "initial_value": null
                }
            ]
        },
        {
            "node_type": "VariableDeclaration",
            "data_type": {
                "node_type": "IdentifierDataType",
                "identifier": {
                    "node_type": "Identifier",
                    "name": "char"
                }
            },
            "declarators": [
                {
                    "node_type": "VariableDeclarator",
                    "declarator": {
                        "node_type": "IdentifierDeclarator",
                        "identifier": {
                            "node_type": "Identifier",
                            "name": "c"
                        }
                    },
                    "initial_value": null
                }
            ]
        },
        {
            "node_type": "VariableDeclaration",
            "data_type": {
                "node_type": "IdentifierDataType",
                "identifier": {
                    "node_type": "Identifier",
                    "name": "char"
                }
            },
            "declarators": [
                {
                    "node_type": "VariableDeclarator",
                    "declarator": {
                        "node_type": "IdentifierDeclarator",
                        "identifier": {
                            "node_type": "Identifier",
                            "name": "d"
                        }
                    },
                    "initial_value": null
                }
            ]
        },
        {
            "node_type": "VariableDeclaration",
            "data_type": {
                "node_type": "IdentifierDataType",
                "identifier": {
                    "node_type": "Identifier",
                    "name": "char"
                }
            },
            "declarators": [
                {
                    "node_type": "VariableDeclarator",
                    "declarator": {
                        "node_type": "IdentifierDeclarator",
                        "identifier": {
                            "node_type": "Identifier",
                            "name": "e"
                        }
                    },
                    "initial_value": null
                }
            ]
        },
        {
            "node_type": "VariableDeclaration",
            "data_type": {
                "node_type": "IdentifierDataType",
                "identifier": {
                    "node_type": "Identifier",
                    "name": "char"
                }
            },
            "declarators": [
                {
                    "node_type": "VariableDeclarator",
                    "declarator": {
                        "node_type": "IdentifierDeclarator",
                        "identifier": {
                            "node_type": "Identifier",
                            "name": "f"
                        }
                    },
                    "initial_value": null
                }
            ]
        },
        {
            "node_type": "VariableDeclaration",
            "data_type": {
                "node_type": "IdentifierDataType",
                "identifier": {
                    "node_type": "Identifier",
                    "name": "char"
                }
            },
            "declarators": [
                {
                    "node_type": "VariableDeclarator",
                    "declarator": {
                        "node_type": "IdentifierDeclarator",
                        "identifier": {
                            "node_type": "Identifier",
                            "name": "g"
                        }
                    },
                    "initial_value": null
                }
            ]
        },
        {
            "node_type": "VariableDeclaration",
            "data_type": {
                "node_type": "IdentifierDataType",
                "identifier": {
                    "node_type": "Identifier",
                    "name": "char"
                }
            },
            "declarators": [
                {
                    "node_type": "VariableDeclarator",
                    "declarator": {
                        "node_type": "IdentifierDeclarator",
                        "identifier": {
                            "node_type": "Identifier",
                            "name": "h"
                        }
                    },
                    "initial_value": null
                }
            ]
        },
        {
            "node_type": "VariableDeclaration",
            "data_type": {
                "node_type": "IdentifierDataType",
                "identifier": {
                    "node_type": "Identifier",
                    "name": "char"
                }
            },
            "declarators": [
                {
                    "node_type": "VariableDeclarator",
                    "declarator": {
                        "node_type": "IdentifierDeclarator",
                        "identifier": {
                            "node_type": "Identifier",
                            "name": "i"
                        }
                    },
                    "initial_value": null
                }
            ]
        },
        {
            "node_type": "VariableDeclaration",
            "data_type": {
                "node_type": "IdentifierDataType",
                "identifier": {
                    "node_type": "Identifier",
                    "name": "char"
                }
            },
            "declarators": [
                {
                    "node_type": "VariableDeclarator",
                    "declarator": {
                        "node_type": "IdentifierDeclarator",
                        "identifier": {
                            "node_type": "Identifier",
                            "name": "j"
                        }
                    },
                    "initial_value": null
                }
            ]
        }
    ]
}
