{
  "node_type": "Program",
  "body": [
    {
      "node_type": "Function",
      "return_type": {
        "node_type": "IdentifierDataType",
        "identifier": {
          "node_type": "Identifier",
          "name": "void"
        }
      },
      "parameters": [],
      "body": {
        "node_type": "BlockStatement",
        "body": [
          {
            "node_type": "ForStatement",
            "initializer": {
              "node_type": "DeclarationForInitializer",
              "declaration": {
                "node_type": "VariableDeclaration",
                "data_type": {
                  "node_type": "IdentifierDataType",
                  "identifier": {
                    "node_type": "Identifier",
                    "name": "int64_t"
                  }
                },
                "declarators": [
                  {
                    "node_type": "VariableDeclarator",
                    "declarator": {
                      "node_type": "IdentifierDeclarator",
                      "identifier": {
                        "node_type": "Identifier",
                        "name": "cur"
                      }
                    },
                    "initial_value": {
                      "node_type": "Uint8Literal",
                      "value": 65
                    }
                  }
                ]
              }
            },
            "test": {
              "node_type": "BinaryExpression",
              "op": "<=",
              "left": {
                "node_type": "Identifier",
                "name": "cur"
              },
              "right": {
                "node_type": "Uint8Literal",
                "value": 90
              }
            },
            "update": {
              "node_type": "UnaryExpression",
              "op": "PostfixIncrement",
              "expression": {
                "node_type": "Identifier",
                "name": "cur"
              }
            },
            "body": {
              "node_type": "BlockStatement",
              "body": [
                {
                  "node_type": "ExpressionStatement",
                  "expression": {
                    "node_type": "CallExpression",
                    "callee": {
                      "node_type": "Identifier",
                      "name": "putchar"
                    },
                    "arguments": [
                      {
                        "node_type": "ConditionalExpression",
                        "test": {
                          "node_type": "BinaryExpression",
                          "op": "&",
                          "left": {
                            "node_type": "Identifier",
                            "name": "cur"
                          },
                          "right": {
                            "node_type": "Int64Literal",
                            "value": 1
                          }
                        },
                        "consequence": {
                          "node_type": "Identifier",
                          "name": "cur"
                        },
                        "alternative": {
                          "node_type": "BinaryExpression",
                          "op": "|",
                          "left": {
                            "node_type": "Identifier",
                            "name": "cur"
                          },
                          "right": {
                            "node_type": "Int64Literal",
                            "value": 32
                          }
                        }
                      }
                    ]
                  }
                }
              ]
            }
          },
          {
            "node_type": "ExpressionStatement",
            "expression": {
              "node_type": "CallExpression",
              "callee": {
                "node_type": "Identifier",
                "name": "putchar"
              },
              "arguments": [
                {
                  "node_type": "Uint8Literal",
                  "value": 10
                }
              ]
            }
          }
        ]
      }
    }
  ]
}
