{
  "node_type": "Program",
  "body": [
    {
      "node_type": "Function",
      "return_type": {
        "node_type": "IdentifierDataType",
        "identifier": {
          "node_type": "Identifier",
          "name": "int64_t"
        }
      },
      "parameters": [],
      "body": {
        "node_type": "BlockStatement",
        "body": [
          {
            "node_type": "VariableDeclaration",
            "data_type": {
              "node_type": "IdentifierDataType",
              "identifier": {
                "node_type": "Identifier",
                "name": "int64_t"
              }
            },
            "declarators": [
              {
                "node_type": "VariableDeclarator",
                "declarator": {
                  "node_type": "IdentifierDeclarator",
                  "identifier": {
                    "node_type": "Identifier",
                    "name": "a"
                  }
                },
                "initial_value": {
                  "node_type": "Int64Literal",
                  "value": 2
                }
              }
            ]
          },
          {
            "node_type": "VariableDeclaration",
            "data_type": {
              "node_type": "IdentifierDataType",
              "identifier": {
                "node_type": "Identifier",
                "name": "int64_t"
              }
            },
            "declarators": [
              {
                "node_type": "VariableDeclarator",
                "declarator": {
                  "node_type": "IdentifierDeclarator",
                  "identifier": {
                    "node_type": "Identifier",
                    "name": "b"
                  }
                },
                "initial_value": {
                  "node_type": "UnaryExpression",
                  "op": "UnaryMinus",
                  "expression": {
                    "node_type": "Int64Literal",
                    "value": 1
                  }
                }
              }
            ]
          },
          {
            "node_type": "VariableDeclaration",
            "data_type": {
              "node_type": "IdentifierDataType",
              "identifier": {
                "node_type": "Identifier",
                "name": "int64_t"
              }
            },
            "declarators": [
              {
                "node_type": "VariableDeclarator",
                "declarator": {
                  "node_type": "IdentifierDeclarator",
                  "identifier": {
                    "node_type": "Identifier",
                    "name": "c"
                  }
                },
                "initial_value": {
                  "node_type": "Int64Literal",
                  "value": 3
                }
              }
            ]
          },
          {
            "node_type": "VariableDeclaration",
            "data_type": {
              "node_type": "IdentifierDataType",
              "identifier": {
                "node_type": "Identifier",
                "name": "int64_t"
              }
            },
            "declarators": [
              {
                "node_type": "VariableDeclarator",
                "declarator": {
                  "node_type": "IdentifierDeclarator",
                  "identifier": {
                    "node_type": "Identifier",
                    "name": "d"
                  }
                },
                "initial_value": {
                  "node_type": "BinaryExpression",
                  "op": "-",
                  "left": {
                    "node_type": "BinaryExpression",
                    "op": "*",
                    "left": {
                      "node_type": "Identifier",
                      "name": "b"
                    },
                    "right": {
                      "node_type": "Identifier",
                      "name": "b"
                    }
                  },
                  "right": {
                    "node_type": "BinaryExpression",
                    "op": "*",
                    "left": {
                      "node_type": "BinaryExpression",
                      "op": "*",
                      "left": {
                        "node_type": "Int64Literal",
                        "value": 4
                      },
                      "right": {
                        "node_type": "Identifier",
                        "name": "a"
                      }
                    },
                    "right": {
                      "node_type": "Identifier",
                      "name": "c"
                    }
                  }
                }
              }
            ]
          },
          {
            "node_type": "ReturnStatement",
            "expression": {
              "node_type": "Identifier",
              "name": "d"
            }
          }
        ]
      }
    }
  ]
}
