{
  "node_type": "Program",
  "body": [
    {
      "node_type": "Function",
      "return_type": {
        "node_type": "IdentifierDataType",
        "identifier": {
          "node_type": "Identifier",
          "name": "void"
        }
      },
      "parameters": [
        {
          "node_type": "AnonymousParameter",
          "data_type": {
            "node_type": "IdentifierDataType",
            "identifier": {
              "node_type": "Identifier",
              "name": "void"
            }
          }
        }
      ],
      "body": {
        "node_type": "BlockStatement",
        "body": [
          {
            "node_type": "VariableDeclaration",
            "data_type": {
              "node_type": "IdentifierDataType",
              "identifier": {
                "node_type": "Identifier",
                "name": "char"
              }
            },
            "declarators": [
              {
                "node_type": "VariableDeclarator",
                "declarator": {
                  "node_type": "IdentifierDeclarator",
                  "identifier": {
                    "node_type": "Identifier",
                    "name": "a"
                  }
                },
                "initial_value": null
              },
              {
                "node_type": "VariableDeclarator",
                "declarator": {
                  "node_type": "IdentifierDeclarator",
                  "identifier": {
                    "node_type": "Identifier",
                    "name": "b"
                  }
                },
                "initial_value": null
              },
              {
                "node_type": "VariableDeclarator",
                "declarator": {
                  "node_type": "IdentifierDeclarator",
                  "identifier": {
                    "node_type": "Identifier",
                    "name": "c"
                  }
                },
                "initial_value": null
              }
            ]
          },
          {
            "node_type": "ExpressionStatement",
            "expression": {
              "node_type": "AssignmentExpression",
              "op": "=",
              "lvalue": {
                "node_type": "Identifier",
                "name": "a"
              },
              "rvalue": {
                "node_type": "Uint8Literal",
                "value": 79
              }
            }
          },
          {
            "node_type": "ExpressionStatement",
            "expression": {
              "node_type": "AssignmentExpression",
              "op": "=",
              "lvalue": {
                "node_type": "Identifier",
                "name": "b"
              },
              "rvalue": {
                "node_type": "Identifier",
                "name": "a"
              }
            }
          },
          {
            "node_type": "ExpressionStatement",
            "expression": {
              "node_type": "AssignmentExpression",
              "op": "=",
              "lvalue": {
                "node_type": "Identifier",
                "name": "c"
              },
              "rvalue": {
                "node_type": "Uint8Literal",
                "value": 75
              }
            }
          },
          {
            "node_type": "ExpressionStatement",
            "expression": {
              "node_type": "AssignmentExpression",
              "op": "=",
              "lvalue": {
                "node_type": "Identifier",
                "name": "a"
              },
              "rvalue": {
                "node_type": "Uint8Literal",
                "value": 10
              }
            }
          },
          {
            "node_type": "ExpressionStatement",
            "expression": {
              "node_type": "CallExpression",
              "callee": {
                "node_type": "Identifier",
                "name": "putchar"
              },
              "arguments": [
                {
                  "node_type": "Identifier",
                  "name": "b"
                }
              ]
            }
          },
          {
            "node_type": "ExpressionStatement",
            "expression": {
              "node_type": "CallExpression",
              "callee": {
                "node_type": "Identifier",
                "name": "putchar"
              },
              "arguments": [
                {
                  "node_type": "Identifier",
                  "name": "c"
                }
              ]
            }
          },
          {
            "node_type": "ExpressionStatement",
            "expression": {
              "node_type": "CallExpression",
              "callee": {
                "node_type": "Identifier",
                "name": "putchar"
              },
              "arguments": [
                {
                  "node_type": "Identifier",
                  "name": "a"
                }
              ]
            }
          }
        ]
      }
    }
  ]
}
