{
  "node_type": "Program",
  "body": [
    {
      "node_type": "Function",
      "return_type": {
        "node_type": "IdentifierDataType",
        "identifier": {
          "node_type": "Identifier",
          "name": "void"
        }
      },
      "parameters": [
        {
          "node_type": "NamedParameter",
          "data_type": {
            "node_type": "IdentifierDataType",
            "identifier": {
              "node_type": "Identifier",
              "name": "char"
            }
          },
          "declarator": {
            "node_type": "IdentifierDeclarator",
            "identifier": {
              "node_type": "Identifier",
              "name": "a"
            }
          }
        }
      ],
      "body": {
        "node_type": "BlockStatement",
        "body": [
          {
            "node_type": "ExpressionStatement",
            "expression": {
              "node_type": "CallExpression",
              "callee": {
                "node_type": "Identifier",
                "name": "putchar"
              },
              "arguments": [
                {
                  "node_type": "Identifier",
                  "name": "a"
                }
              ]
            }
          }
        ]
      }
    },
    {
      "node_type": "Function",
      "return_type": {
        "node_type": "IdentifierDataType",
        "identifier": {
          "node_type": "Identifier",
          "name": "void"
        }
      },
      "parameters": [],
      "body": {
        "node_type": "BlockStatement",
        "body": [
          {
            "node_type": "ExpressionStatement",
            "expression": {
              "node_type": "CallExpression",
              "callee": {
                "node_type": "Identifier",
                "name": "function"
              },
              "arguments": [
                {
                  "node_type": "Uint8Literal",
                  "value": 97
                }
              ]
            }
          }
        ]
      }
    }
  ]
}
