{
  "node_type": "Program",
  "body": [
    {
      "node_type": "Function",
      "return_type": {
        "node_type": "IdentifierDataType",
        "identifier": {
          "node_type": "Identifier",
          "name": "int64_t"
        }
      },
      "parameters": [],
      "body": {
        "node_type": "BlockStatement",
        "body": []
      }
    }
  ]
}
