{
    "node_type": "Program",
    "body": [
        {
            "node_type": "VariableDeclaration",
            "data_type": {
                "node_type": "IdentifierDataType",
                "identifier": {
                    "node_type": "Identifier",
                    "name": "int64_t"
                }
            },
            "declarators": [
                {
                    "node_type": "VariableDeclarator",
                    "declarator": {
                        "node_type": "IdentifierDeclarator",
                        "identifier": {
                            "node_type": "Identifier",
                            "name": "a"
                        }
                    },
                    "initial_value": {
                        "node_type": "Int64Literal",
                        "value": 1
                    }
                }
            ]
        },
        {
            "node_type": "VariableDeclaration",
            "data_type": {
                "node_type": "IdentifierDataType",
                "identifier": {
                    "node_type": "Identifier",
                    "name": "int64_t"
                }
            },
            "declarators": [
                {
                    "node_type": "VariableDeclarator",
                    "declarator": {
                        "node_type": "IdentifierDeclarator",
                        "identifier": {
                            "node_type": "Identifier",
                            "name": "b"
                        }
                    },
                    "initial_value": {
                        "node_type": "Int64Literal",
                        "value": 2
                    }
                }
            ]
        },
        {
            "node_type": "VariableDeclaration",
            "data_type": {
                "node_type": "IdentifierDataType",
                "identifier": {
                    "node_type": "Identifier",
                    "name": "int64_t"
                }
            },
            "declarators": [
                {
                    "node_type": "VariableDeclarator",
                    "declarator": {
                        "node_type": "IdentifierDeclarator",
                        "identifier": {
                            "node_type": "Identifier",
                            "name": "c"
                        }
                    },
                    "initial_value": {
                        "node_type": "BinaryExpression",
                        "op": "+",
                        "left": {
                            "node_type": "Identifier",
                            "name": "a"
                        },
                        "right": {
                            "node_type": "Identifier",
                            "name": "b"
                        }
                    }
                }
            ]
        },
        {
            "node_type": "VariableDeclaration",
            "data_type": {
                "node_type": "IdentifierDataType",
                "identifier": {
                    "node_type": "Identifier",
                    "name": "int64_t"
                }
            },
            "declarators": [
                {
                    "node_type": "VariableDeclarator",
                    "declarator": {
                        "node_type": "IdentifierDeclarator",
                        "identifier": {
                            "node_type": "Identifier",
                            "name": "d"
                        }
                    },
                    "initial_value": {
                        "node_type": "BinaryExpression",
                        "op": "/",
                        "left": {
                            "node_type": "Identifier",
                            "name": "c"
                        },
                        "right": {
                            "node_type": "Identifier",
                            "name": "b"
                        }
                    }
                }
            ]
        },
        {
            "node_type": "VariableDeclaration",
            "data_type": {
                "node_type": "IdentifierDataType",
                "identifier": {
                    "node_type": "Identifier",
                    "name": "int64_t"
                }
            },
            "declarators": [
                {
                    "node_type": "VariableDeclarator",
                    "declarator": {
                        "node_type": "IdentifierDeclarator",
                        "identifier": {
                            "node_type": "Identifier",
                            "name": "e"
                        }
                    },
                    "initial_value": {
                        "node_type": "BinaryExpression",
                        "op": "/",
                        "left": {
                            "node_type": "BinaryExpression",
                            "op": "+",
                            "left": {
                                "node_type": "Identifier",
                                "name": "a"
                            },
                            "right": {
                                "node_type": "Identifier",
                                "name": "b"
                            }
                        },
                        "right": {
                            "node_type": "Identifier",
                            "name": "c"
                        }
                    }
                }
            ]
        }
    ]
}
