{
  "node_type": "Program",
  "body": [
    {
      "node_type": "Function",
      "return_type": {
        "node_type": "IdentifierDataType",
        "identifier": {
          "node_type": "Identifier",
          "name": "int32_t"
        }
      },
      "parameters": [
        {
          "node_type": "NamedParameter",
          "data_type": {
            "node_type": "IdentifierDataType",
            "identifier": {
              "node_type": "Identifier",
              "name": "int32_t"
            }
          },
          "declarator": {
            "node_type": "ArrayDeclarator",
            "declarator": {
              "node_type": "IdentifierDeclarator",
              "identifier": {
                "node_type": "Identifier",
                "name": "a"
              }
            },
            "size": null
          }
        },
        {
          "node_type": "NamedParameter",
          "data_type": {
            "node_type": "IdentifierDataType",
            "identifier": {
              "node_type": "Identifier",
              "name": "int32_t"
            }
          },
          "declarator": {
            "node_type": "IdentifierDeclarator",
            "identifier": {
              "node_type": "Identifier",
              "name": "n"
            }
          }
        }
      ],
      "body": {
        "node_type": "BlockStatement",
        "body": [
          {
            "node_type": "VariableDeclaration",
            "data_type": {
              "node_type": "IdentifierDataType",
              "identifier": {
                "node_type": "Identifier",
                "name": "int32_t"
              }
            },
            "declarators": [
              {
                "node_type": "VariableDeclarator",
                "declarator": {
                  "node_type": "IdentifierDeclarator",
                  "identifier": {
                    "node_type": "Identifier",
                    "name": "i"
                  }
                },
                "initial_value": null
              }
            ]
          },
          {
            "node_type": "VariableDeclaration",
            "data_type": {
              "node_type": "IdentifierDataType",
              "identifier": {
                "node_type": "Identifier",
                "name": "int32_t"
              }
            },
            "declarators": [
              {
                "node_type": "VariableDeclarator",
                "declarator": {
                  "node_type": "IdentifierDeclarator",
                  "identifier": {
                    "node_type": "Identifier",
                    "name": "result"
                  }
                },
                "initial_value": null
              }
            ]
          },
          {
            "node_type": "ExpressionStatement",
            "expression": {
              "node_type": "AssignmentExpression",
              "op": "=",
              "lvalue": {
                "node_type": "Identifier",
                "name": "result"
              },
              "rvalue": {
                "node_type": "Int64Literal",
                "value": 0
              }
            }
          },
          {
            "node_type": "ForStatement",
            "initializer": {
              "node_type": "ExpressionForInitializer",
              "expression": {
                "node_type": "AssignmentExpression",
                "op": "=",
                "lvalue": {
                  "node_type": "Identifier",
                  "name": "i"
                },
                "rvalue": {
                  "node_type": "Int64Literal",
                  "value": 0
                }
              }
            },
            "test": {
              "node_type": "BinaryExpression",
              "op": "<",
              "left": {
                "node_type": "Identifier",
                "name": "i"
              },
              "right": {
                "node_type": "Identifier",
                "name": "n"
              }
            },
            "update": {
              "node_type": "AssignmentExpression",
              "op": "=",
              "lvalue": {
                "node_type": "Identifier",
                "name": "i"
              },
              "rvalue": {
                "node_type": "BinaryExpression",
                "op": "+",
                "left": {
                  "node_type": "Identifier",
                  "name": "i"
                },
                "right": {
                  "node_type": "Int64Literal",
                  "value": 1
                }
              }
            },
            "body": {
              "node_type": "BlockStatement",
              "body": [
                {
                  "node_type": "ExpressionStatement",
                  "expression": {
                    "node_type": "AssignmentExpression",
                    "op": "=",
                    "lvalue": {
                      "node_type": "Identifier",
                      "name": "result"
                    },
                    "rvalue": {
                      "node_type": "BinaryExpression",
                      "op": "+",
                      "left": {
                        "node_type": "Identifier",
                        "name": "result"
                      },
                      "right": {
                        "node_type": "SubscriptExpression",
                        "array": {
                          "node_type": "Identifier",
                          "name": "a"
                        },
                        "index": {
                          "node_type": "Identifier",
                          "name": "i"
                        }
                      }
                    }
                  }
                }
              ]
            }
          },
          {
            "node_type": "ReturnStatement",
            "expression": {
              "node_type": "Identifier",
              "name": "result"
            }
          }
        ]
      }
    },
    {
      "node_type": "Function",
      "return_type": {
        "node_type": "IdentifierDataType",
        "identifier": {
          "node_type": "Identifier",
          "name": "void"
        }
      },
      "parameters": [],
      "body": {
        "node_type": "BlockStatement",
        "body": [
          {
            "node_type": "VariableDeclaration",
            "data_type": {
              "node_type": "IdentifierDataType",
              "identifier": {
                "node_type": "Identifier",
                "name": "int32_t"
              }
            },
            "declarators": [
              {
                "node_type": "VariableDeclarator",
                "declarator": {
                  "node_type": "ArrayDeclarator",
                  "declarator": {
                    "node_type": "IdentifierDeclarator",
                    "identifier": {
                      "node_type": "Identifier",
                      "name": "a"
                    }
                  },
                  "size": {
                    "node_type": "Int64Literal",
                    "value": 10
                  }
                },
                "initial_value": null
              }
            ]
          },
          {
            "node_type": "VariableDeclaration",
            "data_type": {
              "node_type": "IdentifierDataType",
              "identifier": {
                "node_type": "Identifier",
                "name": "int32_t"
              }
            },
            "declarators": [
              {
                "node_type": "VariableDeclarator",
                "declarator": {
                  "node_type": "IdentifierDeclarator",
                  "identifier": {
                    "node_type": "Identifier",
                    "name": "i"
                  }
                },
                "initial_value": null
              }
            ]
          },
          {
            "node_type": "VariableDeclaration",
            "data_type": {
              "node_type": "IdentifierDataType",
              "identifier": {
                "node_type": "Identifier",
                "name": "int32_t"
              }
            },
            "declarators": [
              {
                "node_type": "VariableDeclarator",
                "declarator": {
                  "node_type": "IdentifierDeclarator",
                  "identifier": {
                    "node_type": "Identifier",
                    "name": "r"
                  }
                },
                "initial_value": null
              }
            ]
          },
          {
            "node_type": "ForStatement",
            "initializer": {
              "node_type": "ExpressionForInitializer",
              "expression": {
                "node_type": "AssignmentExpression",
                "op": "=",
                "lvalue": {
                  "node_type": "Identifier",
                  "name": "i"
                },
                "rvalue": {
                  "node_type": "Int64Literal",
                  "value": 0
                }
              }
            },
            "test": {
              "node_type": "BinaryExpression",
              "op": "<",
              "left": {
                "node_type": "Identifier",
                "name": "i"
              },
              "right": {
                "node_type": "Int64Literal",
                "value": 10
              }
            },
            "update": {
              "node_type": "AssignmentExpression",
              "op": "=",
              "lvalue": {
                "node_type": "Identifier",
                "name": "i"
              },
              "rvalue": {
                "node_type": "BinaryExpression",
                "op": "+",
                "left": {
                  "node_type": "Identifier",
                  "name": "i"
                },
                "right": {
                  "node_type": "Int64Literal",
                  "value": 1
                }
              }
            },
            "body": {
              "node_type": "BlockStatement",
              "body": [
                {
                  "node_type": "ExpressionStatement",
                  "expression": {
                    "node_type": "AssignmentExpression",
                    "op": "=",
                    "lvalue": {
                      "node_type": "SubscriptExpression",
                      "array": {
                        "node_type": "Identifier",
                        "name": "a"
                      },
                      "index": {
                        "node_type": "Identifier",
                        "name": "i"
                      }
                    },
                    "rvalue": {
                      "node_type": "Identifier",
                      "name": "i"
                    }
                  }
                }
              ]
            }
          },
          {
            "node_type": "ExpressionStatement",
            "expression": {
              "node_type": "AssignmentExpression",
              "op": "=",
              "lvalue": {
                "node_type": "Identifier",
                "name": "r"
              },
              "rvalue": {
                "node_type": "CallExpression",
                "callee": {
                  "node_type": "Identifier",
                  "name": "function"
                },
                "arguments": [
                  {
                    "node_type": "Identifier",
                    "name": "a"
                  },
                  {
                    "node_type": "Int64Literal",
                    "value": 10
                  }
                ]
              }
            }
          }
        ]
      }
    }
  ]
}
