{
  "node_type": "Program",
  "body": [
    {
      "node_type": "Function",
      "return_type": {
        "node_type": "IdentifierDataType",
        "identifier": {
          "node_type": "Identifier",
          "name": "int64_t"
        }
      },
      "parameters": [],
      "body": {
        "node_type": "BlockStatement",
        "body": [
          {
            "node_type": "VariableDeclaration",
            "data_type": {
              "node_type": "IdentifierDataType",
              "identifier": {
                "node_type": "Identifier",
                "name": "char"
              }
            },
            "declarators": [
              {
                "node_type": "VariableDeclarator",
                "declarator": {
                  "node_type": "IdentifierDeclarator",
                  "identifier": {
                    "node_type": "Identifier",
                    "name": "a"
                  }
                },
                "initial_value": {
                  "node_type": "Int64Literal",
                  "value": 45
                }
              }
            ]
          },
          {
            "node_type": "ReturnStatement",
            "expression": {
              "node_type": "BinaryExpression",
              "op": "&",
              "left": {
                "node_type": "UnaryExpression",
                "op": "BitwiseComplement",
                "expression": {
                  "node_type": "Identifier",
                  "name": "a"
                }
              },
              "right": {
                "node_type": "Int64Literal",
                "value": 255
              }
            }
          }
        ]
      }
    }
  ]
}
