{
    "node_type": "Program",
    "body": [
        {
            "node_type": "Function",
            "return_type": {
                "node_type": "IdentifierDataType",
                "identifier": {
                    "node_type": "Identifier",
                    "name": "int32_t"
                }
            },
            "parameters": [],
            "body": null
        },
        {
            "node_type": "Function",
            "return_type": {
                "node_type": "IdentifierDataType",
                "identifier": {
                    "node_type": "Identifier",
                    "name": "int32_t"
                }
            },
            "parameters": [
                {
                    "node_type": "NamedParameter",
                    "data_type": {
                        "node_type": "IdentifierDataType",
                        "identifier": {
                            "node_type": "Identifier",
                            "name": "int32_t"
                        }
                    },
                    "declarator": {
                        "node_type": "IdentifierDeclarator",
                        "identifier": {
                            "node_type": "Identifier",
                            "name": "a"
                        }
                    }
                }
            ],
            "body": null
        },
        {
            "node_type": "Function",
            "return_type": {
                "node_type": "IdentifierDataType",
                "identifier": {
                    "node_type": "Identifier",
                    "name": "int32_t"
                }
            },
            "parameters": [
                {
                    "node_type": "NamedParameter",
                    "data_type": {
                        "node_type": "IdentifierDataType",
                        "identifier": {
                            "node_type": "Identifier",
                            "name": "int32_t"
                        }
                    },
                    "declarator": {
                        "node_type": "ArrayDeclarator",
                        "declarator": {
                            "node_type": "IdentifierDeclarator",
                            "identifier": {
                                "node_type": "Identifier",
                                "name": "a"
                            }
                        },
                        "size": null
                    }
                }
            ],
            "body": null
        },
        {
            "node_type": "Function",
            "return_type": {
                "node_type": "IdentifierDataType",
                "identifier": {
                    "node_type": "Identifier",
                    "name": "int32_t"
                }
            },
            "parameters": [
                {
                    "node_type": "NamedParameter",
                    "data_type": {
                        "node_type": "IdentifierDataType",
                        "identifier": {
                            "node_type": "Identifier",
                            "name": "int32_t"
                        }
                    },
                    "declarator": {
                        "node_type": "ArrayDeclarator",
                        "declarator": {
                            "node_type": "IdentifierDeclarator",
                            "identifier": {
                                "node_type": "Identifier",
                                "name": "a"
                            }
                        },
                        "size": null
                    }
                },
                {
                    "node_type": "NamedParameter",
                    "data_type": {
                        "node_type": "IdentifierDataType",
                        "identifier": {
                            "node_type": "Identifier",
                            "name": "int32_t"
                        }
                    },
                    "declarator": {
                        "node_type": "IdentifierDeclarator",
                        "identifier": {
                            "node_type": "Identifier",
                            "name": "b"
                        }
                    }
                }
            ],
            "body": null
        },
        {
            "node_type": "Function",
            "return_type": {
                "node_type": "IdentifierDataType",
                "identifier": {
                    "node_type": "Identifier",
                    "name": "void"
                }
            },
            "parameters": [
                {
                    "node_type": "NamedParameter",
                    "data_type": {
                        "node_type": "IdentifierDataType",
                        "identifier": {
                            "node_type": "Identifier",
                            "name": "int32_t"
                        }
                    },
                    "declarator": {
                        "node_type": "ArrayDeclarator",
                        "declarator": {
                            "node_type": "IdentifierDeclarator",
                            "identifier": {
                                "node_type": "Identifier",
                                "name": "a"
                            }
                        },
                        "size": null
                    }
                },
                {
                    "node_type": "AnonymousParameter",
                    "data_type": {
                        "node_type": "ArrayDataType",
                        "item_type": {
                            "node_type": "IdentifierDataType",
                            "identifier": {
                                "node_type": "Identifier",
                                "name": "int32_t"
                            }
                        },
                        "size": null
                    }
                }
            ],
            "body": null
        }
    ]
}
