{
  "node_type": "Program",
  "body": [
    {
      "node_type": "VariableDeclaration",
      "data_type": {
        "node_type": "IdentifierDataType",
        "identifier": {
          "node_type": "Identifier",
          "name": "char"
        }
      },
      "declarators": [
        {
          "node_type": "VariableDeclarator",
          "declarator": {
            "node_type": "IdentifierDeclarator",
            "identifier": {
              "node_type": "Identifier",
              "name": "a"
            }
          },
          "initial_value": null
        }
      ]
    },
    {
      "node_type": "VariableDeclaration",
      "data_type": {
        "node_type": "IdentifierDataType",
        "identifier": {
          "node_type": "Identifier",
          "name": "char"
        }
      },
      "declarators": [
        {
          "node_type": "VariableDeclarator",
          "declarator": {
            "node_type": "IdentifierDeclarator",
            "identifier": {
              "node_type": "Identifier",
              "name": "b"
            }
          },
          "initial_value": null
        }
      ]
    },
    {
      "node_type": "VariableDeclaration",
      "data_type": {
        "node_type": "IdentifierDataType",
        "identifier": {
          "node_type": "Identifier",
          "name": "char"
        }
      },
      "declarators": [
        {
          "node_type": "VariableDeclarator",
          "declarator": {
            "node_type": "IdentifierDeclarator",
            "identifier": {
              "node_type": "Identifier",
              "name": "c"
            }
          },
          "initial_value": {
            "node_type": "BinaryExpression",
            "op": "+",
            "left": {
              "node_type": "Identifier",
              "name": "a"
            },
            "right": {
              "node_type": "Identifier",
              "name": "b"
            }
          }
        }
      ]
    }
  ]
}
